00:00 +0: loading E:/PersonalProyects/opencalories/test/navigation_test.dart
00:00 +0: App redirects to WelcomeScreen when no API key is found
══╡ EXCEPTION CAUGHT BY FLUTTER TEST FRAMEWORK ╞════════════════════════════════════════════════════
The following _Exception was thrown running a test:
Exception: Please provide ShowCaseView context

When the exception was thrown, this was the stack:
#0      ShowCaseWidget.of (package:showcaseview/src/showcase_widget.dart:114:7)
#1      _WelcomeScreenState.initState.<anonymous closure> (package:opencalories/features/onboarding/welcome_screen.dart:36:26)
<asynchronous suspension>

The test description was:
  App redirects to WelcomeScreen when no API key is found
════════════════════════════════════════════════════════════════════════════════════════════════════
00:00 +0 -1: App redirects to WelcomeScreen when no API key is found [E]
  Test failed. See exception logs above.
  The test description was: App redirects to WelcomeScreen when no API key is found
  
Warning: At least one test in this suite creates an HttpClient. When running a test suite that uses
TestWidgetsFlutterBinding, all HTTP requests will return status code 400, and no network request
will actually be made. Any test expecting a real network connection and status code will fail.
To test code that needs an HttpClient, provide your own HttpClient implementation to the code under
test, so that your test can consistently provide a testable response to the code under test.
00:00 +0 -1: App allows Home when API key is present
00:01 +1 -1: Some tests failed.
